// Jest Snapshot v1, https://goo.gl/fbAQLP

exports[`MultiSignatureDetail should show error screen for Nano S and continue when NanoX is connected 1`] = `
<div>
  <div
    class="flex fixed inset-0 z-50 py-20 w-full h-full bg-opacity-60 dark:bg-opacity-80 bg-theme-secondary-900-rgba overflow-overlay dark:bg-black-rgba"
    data-testid="modal__overlay"
  >
    <div
      class="Modal__ModalContainer-sc-5lu2mc-0 epQFkJ"
      tabindex="-1"
    >
      <div
        class="flex overflow-hidden relative flex-col p-10 shadow-2xl rounded-2.5xl bg-theme-background"
        data-testid="modal__inner"
      >
        <div
          class="absolute top-0 right-0 z-10 mt-5 mr-5 rounded transition-all duration-100 ease-linear bg-theme-primary-100 dark:bg-theme-secondary-800 dark:text-theme-secondary-600 dark:hover:bg-theme-secondary-700 dark:hover:text-theme-secondary-400 hover:bg-theme-primary-300"
        >
          <button
            class="OriginalButton__StyledButton-sc-o0fs2j-0 enzTPF w-11 h-11"
            data-testid="modal__close-btn"
            type="button"
          >
            <div
              class="flex items-center space-x-2"
            >
              <div
                class="sc-bdvvtL fCrhkg"
                height="16"
                width="16"
              >
                <svg>
                  cross.svg
                </svg>
              </div>
            </div>
          </button>
        </div>
        <div
          class="relative space-y-4"
        >
          
          <div
            class="flex-1"
          >
            <form
              class="space-y-5"
              data-testid="Form"
            >
              <div>
                <div
                  data-testid="tab-pabel__active-panel"
                >
                  <section>
                    <div
                      class="flex justify-between items-end bg-theme-background"
                    >
                      <div
                        class="space-y-4"
                      >
                        <h1
                          class="mb-0 text-2xl"
                          data-testid="header__title"
                        >
                          Transaction Signed
                        </h1>
                      </div>
                    </div>
                    <svg
                      class="my-4 w-full"
                    >
                      transaction-signed-banner-dark-green.svg
                    </svg>
                    <p
                      class="text-theme-secondary-700"
                    >
                      Your signature has been confirmed and sent successfully.
                    </p>
                    <div
                      class="mt-4"
                    >
                      <div
                        data-testid="Signatures"
                      >
                        <h3>
                          Signatures
                        </h3>
                        <div
                          class="flex"
                        >
                          <div>
                            <div
                              class="mb-2 text-sm font-semibold text-theme-secondary-500"
                            >
                              You
                            </div>
                            <div
                              class="pr-6 mr-2 border-r border-theme-secondary-300 dark:border-theme-secondary-800"
                            >
                              <div
                                class="relative"
                                data-testid="Signatures__participant-status"
                              >
                                <div>
                                  <div
                                    class="Avatar__AvatarWrapper-sc-18vw8a4-0 ewMeZp flex-shrink-0"
                                    data-testid="Avatar"
                                  >
                                    <div
                                      class="w-full h-full inline-flex items-center justify-center overflow-hidden align-middle rounded-full"
                                    >
                                      <img
                                        alt="D8rr7B1d6TL6pf14LgMz4sKp1VBMs6YUYD"
                                        src="data:image/svg+xml;utf8,<svg version=\\"1.1\\" xmlns=\\"http://www.w3.org/2000/svg\\" class=\\"picasso\\" width=\\"100\\" height=\\"100\\" viewBox=\\"0 0 100 100\\"><style>.picasso circle{mix-blend-mode:soft-light;}</style><rect fill=\\"rgb(0, 150, 136)\\" width=\\"100\\" height=\\"100\\"/><circle r=\\"50\\" cx=\\"80\\" cy=\\"50\\" fill=\\"rgb(76, 175, 80)\\"/><circle r=\\"35\\" cx=\\"100\\" cy=\\"40\\" fill=\\"rgb(156, 39, 176)\\"/><circle r=\\"40\\" cx=\\"90\\" cy=\\"70\\" fill=\\"rgb(3, 169, 244)\\"/></svg>"
                                        title="D8rr7B1d6TL6pf14LgMz4sKp1VBMs6YUYD"
                                      />
                                    </div>
                                  </div>
                                </div>
                                <span
                                  class="Badge__Wrapper-sc-w9wbbm-0 fvTsro flex border-2 rounded-full justify-center items-center align-middle bg-theme-background border-transparent dark:text-white bg-theme-danger-100 text-theme-danger-400 dark:bg-theme-danger-400"
                                  data-testid="Signatures__waiting-badge"
                                >
                                  <div
                                    class="sc-bdvvtL Cfvxc"
                                    height="10"
                                    width="10"
                                  >
                                    <svg>
                                      clock-small.svg
                                    </svg>
                                  </div>
                                  <span />
                                </span>
                              </div>
                            </div>
                          </div>
                          <div>
                            <div
                              class="mb-2 ml-2 text-sm font-semibold text-theme-secondary-500"
                            >
                              Other
                            </div>
                            <div
                              class="flex ml-2 space-x-4"
                            >
                              <div
                                class="relative"
                                data-testid="Signatures__participant-status"
                              >
                                <div>
                                  <div
                                    class="Avatar__AvatarWrapper-sc-18vw8a4-0 ewMeZp flex-shrink-0"
                                    data-testid="Avatar"
                                  >
                                    <div
                                      class="w-full h-full inline-flex items-center justify-center overflow-hidden align-middle rounded-full"
                                    >
                                      <img
                                        alt="D5sRKWckH4rE1hQ9eeMeHAepgyC3cvJtwb"
                                        src="data:image/svg+xml;utf8,<svg version=\\"1.1\\" xmlns=\\"http://www.w3.org/2000/svg\\" class=\\"picasso\\" width=\\"100\\" height=\\"100\\" viewBox=\\"0 0 100 100\\"><style>.picasso circle{mix-blend-mode:soft-light;}</style><rect fill=\\"rgb(244, 67, 54)\\" width=\\"100\\" height=\\"100\\"/><circle r=\\"50\\" cx=\\"20\\" cy=\\"50\\" fill=\\"rgb(205, 220, 57)\\"/><circle r=\\"60\\" cx=\\"0\\" cy=\\"70\\" fill=\\"rgb(0, 188, 212)\\"/><circle r=\\"55\\" cx=\\"80\\" cy=\\"30\\" fill=\\"rgb(76, 175, 80)\\"/></svg>"
                                        title="D5sRKWckH4rE1hQ9eeMeHAepgyC3cvJtwb"
                                      />
                                    </div>
                                  </div>
                                </div>
                                <span
                                  class="Badge__Wrapper-sc-w9wbbm-0 fvTsro flex border-2 rounded-full justify-center items-center align-middle bg-theme-background border-transparent dark:text-white bg-theme-danger-100 text-theme-danger-400 dark:bg-theme-danger-400"
                                  data-testid="Signatures__waiting-badge"
                                >
                                  <div
                                    class="sc-bdvvtL Cfvxc"
                                    height="10"
                                    width="10"
                                  >
                                    <svg>
                                      clock-small.svg
                                    </svg>
                                  </div>
                                  <span />
                                </span>
                              </div>
                            </div>
                          </div>
                        </div>
                      </div>
                    </div>
                  </section>
                </div>
              </div>
            </form>
          </div>
        </div>
      </div>
    </div>
  </div>
</div>
`;

exports[`MultiSignatureDetail should sign transaction after authentication page 1`] = `
<div>
  <div
    class="flex fixed inset-0 z-50 py-20 w-full h-full bg-opacity-60 dark:bg-opacity-80 bg-theme-secondary-900-rgba overflow-overlay dark:bg-black-rgba"
    data-testid="modal__overlay"
  >
    <div
      class="Modal__ModalContainer-sc-5lu2mc-0 epQFkJ"
      tabindex="-1"
    >
      <div
        class="flex overflow-hidden relative flex-col p-10 shadow-2xl rounded-2.5xl bg-theme-background"
        data-testid="modal__inner"
      >
        <div
          class="absolute top-0 right-0 z-10 mt-5 mr-5 rounded transition-all duration-100 ease-linear bg-theme-primary-100 dark:bg-theme-secondary-800 dark:text-theme-secondary-600 dark:hover:bg-theme-secondary-700 dark:hover:text-theme-secondary-400 hover:bg-theme-primary-300"
        >
          <button
            class="OriginalButton__StyledButton-sc-o0fs2j-0 enzTPF w-11 h-11"
            data-testid="modal__close-btn"
            type="button"
          >
            <div
              class="flex items-center space-x-2"
            >
              <div
                class="sc-bdvvtL fCrhkg"
                height="16"
                width="16"
              >
                <svg>
                  cross.svg
                </svg>
              </div>
            </div>
          </button>
        </div>
        <div
          class="relative space-y-4"
        >
          
          <div
            class="flex-1"
          >
            <form
              class="space-y-5"
              data-testid="Form"
            >
              <div>
                <div
                  data-testid="tab-pabel__active-panel"
                >
                  <section>
                    <div
                      class="flex justify-between items-end bg-theme-background"
                    >
                      <div
                        class="space-y-4"
                      >
                        <h1
                          class="mb-0 text-2xl"
                          data-testid="header__title"
                        >
                          Transaction Signed
                        </h1>
                      </div>
                    </div>
                    <svg
                      class="my-4 w-full"
                    >
                      transaction-signed-banner-dark-green.svg
                    </svg>
                    <p
                      class="text-theme-secondary-700"
                    >
                      Your signature has been confirmed and sent successfully.
                    </p>
                    <div
                      class="mt-4"
                    >
                      <div
                        data-testid="Signatures"
                      >
                        <h3>
                          Signatures
                        </h3>
                        <div
                          class="flex"
                        >
                          <div>
                            <div
                              class="mb-2 text-sm font-semibold text-theme-secondary-500"
                            >
                              You
                            </div>
                            <div
                              class="pr-6 mr-2 border-r border-theme-secondary-300 dark:border-theme-secondary-800"
                            >
                              <div
                                class="relative"
                                data-testid="Signatures__participant-status"
                              >
                                <div>
                                  <div
                                    class="Avatar__AvatarWrapper-sc-18vw8a4-0 ewMeZp flex-shrink-0"
                                    data-testid="Avatar"
                                  >
                                    <div
                                      class="w-full h-full inline-flex items-center justify-center overflow-hidden align-middle rounded-full"
                                    >
                                      <img
                                        alt="D8rr7B1d6TL6pf14LgMz4sKp1VBMs6YUYD"
                                        src="data:image/svg+xml;utf8,<svg version=\\"1.1\\" xmlns=\\"http://www.w3.org/2000/svg\\" class=\\"picasso\\" width=\\"100\\" height=\\"100\\" viewBox=\\"0 0 100 100\\"><style>.picasso circle{mix-blend-mode:soft-light;}</style><rect fill=\\"rgb(0, 150, 136)\\" width=\\"100\\" height=\\"100\\"/><circle r=\\"50\\" cx=\\"80\\" cy=\\"50\\" fill=\\"rgb(76, 175, 80)\\"/><circle r=\\"35\\" cx=\\"100\\" cy=\\"40\\" fill=\\"rgb(156, 39, 176)\\"/><circle r=\\"40\\" cx=\\"90\\" cy=\\"70\\" fill=\\"rgb(3, 169, 244)\\"/></svg>"
                                        title="D8rr7B1d6TL6pf14LgMz4sKp1VBMs6YUYD"
                                      />
                                    </div>
                                  </div>
                                </div>
                                <span
                                  class="Badge__Wrapper-sc-w9wbbm-0 fvTsro flex border-2 rounded-full justify-center items-center align-middle bg-theme-background border-transparent dark:text-white bg-theme-danger-100 text-theme-danger-400 dark:bg-theme-danger-400"
                                  data-testid="Signatures__waiting-badge"
                                >
                                  <div
                                    class="sc-bdvvtL Cfvxc"
                                    height="10"
                                    width="10"
                                  >
                                    <svg>
                                      clock-small.svg
                                    </svg>
                                  </div>
                                  <span />
                                </span>
                              </div>
                            </div>
                          </div>
                          <div>
                            <div
                              class="mb-2 ml-2 text-sm font-semibold text-theme-secondary-500"
                            >
                              Other
                            </div>
                            <div
                              class="flex ml-2 space-x-4"
                            >
                              <div
                                class="relative"
                                data-testid="Signatures__participant-status"
                              >
                                <div>
                                  <div
                                    class="Avatar__AvatarWrapper-sc-18vw8a4-0 ewMeZp flex-shrink-0"
                                    data-testid="Avatar"
                                  >
                                    <div
                                      class="w-full h-full inline-flex items-center justify-center overflow-hidden align-middle rounded-full"
                                    >
                                      <img
                                        alt="D5sRKWckH4rE1hQ9eeMeHAepgyC3cvJtwb"
                                        src="data:image/svg+xml;utf8,<svg version=\\"1.1\\" xmlns=\\"http://www.w3.org/2000/svg\\" class=\\"picasso\\" width=\\"100\\" height=\\"100\\" viewBox=\\"0 0 100 100\\"><style>.picasso circle{mix-blend-mode:soft-light;}</style><rect fill=\\"rgb(244, 67, 54)\\" width=\\"100\\" height=\\"100\\"/><circle r=\\"50\\" cx=\\"20\\" cy=\\"50\\" fill=\\"rgb(205, 220, 57)\\"/><circle r=\\"60\\" cx=\\"0\\" cy=\\"70\\" fill=\\"rgb(0, 188, 212)\\"/><circle r=\\"55\\" cx=\\"80\\" cy=\\"30\\" fill=\\"rgb(76, 175, 80)\\"/></svg>"
                                        title="D5sRKWckH4rE1hQ9eeMeHAepgyC3cvJtwb"
                                      />
                                    </div>
                                  </div>
                                </div>
                                <span
                                  class="Badge__Wrapper-sc-w9wbbm-0 fvTsro flex border-2 rounded-full justify-center items-center align-middle bg-theme-background border-transparent dark:text-white bg-theme-danger-100 text-theme-danger-400 dark:bg-theme-danger-400"
                                  data-testid="Signatures__waiting-badge"
                                >
                                  <div
                                    class="sc-bdvvtL Cfvxc"
                                    height="10"
                                    width="10"
                                  >
                                    <svg>
                                      clock-small.svg
                                    </svg>
                                  </div>
                                  <span />
                                </span>
                              </div>
                            </div>
                          </div>
                        </div>
                      </div>
                    </div>
                  </section>
                </div>
              </div>
            </form>
          </div>
        </div>
      </div>
    </div>
  </div>
</div>
`;

exports[`MultiSignatureDetail should sign transaction with a ledger wallet 1`] = `
<div>
  <div
    class="flex fixed inset-0 z-50 py-20 w-full h-full bg-opacity-60 dark:bg-opacity-80 bg-theme-secondary-900-rgba overflow-overlay dark:bg-black-rgba"
    data-testid="modal__overlay"
  >
    <div
      class="Modal__ModalContainer-sc-5lu2mc-0 epQFkJ"
      tabindex="-1"
    >
      <div
        class="flex overflow-hidden relative flex-col p-10 shadow-2xl rounded-2.5xl bg-theme-background"
        data-testid="modal__inner"
      >
        <div
          class="absolute top-0 right-0 z-10 mt-5 mr-5 rounded transition-all duration-100 ease-linear bg-theme-primary-100 dark:bg-theme-secondary-800 dark:text-theme-secondary-600 dark:hover:bg-theme-secondary-700 dark:hover:text-theme-secondary-400 hover:bg-theme-primary-300"
        >
          <button
            class="OriginalButton__StyledButton-sc-o0fs2j-0 enzTPF w-11 h-11"
            data-testid="modal__close-btn"
            type="button"
          >
            <div
              class="flex items-center space-x-2"
            >
              <div
                class="sc-bdvvtL fCrhkg"
                height="16"
                width="16"
              >
                <svg>
                  cross.svg
                </svg>
              </div>
            </div>
          </button>
        </div>
        <div
          class="relative space-y-4"
        >
          
          <div
            class="flex-1"
          >
            <form
              class="space-y-5"
              data-testid="Form"
            >
              <div>
                <div
                  data-testid="tab-pabel__active-panel"
                >
                  <section>
                    <div
                      class="flex justify-between items-end bg-theme-background"
                    >
                      <div
                        class="space-y-4"
                      >
                        <h1
                          class="mb-0 text-2xl"
                          data-testid="header__title"
                        >
                          Transaction Signed
                        </h1>
                      </div>
                    </div>
                    <svg
                      class="my-4 w-full"
                    >
                      transaction-signed-banner-dark-green.svg
                    </svg>
                    <p
                      class="text-theme-secondary-700"
                    >
                      Your signature has been confirmed and sent successfully.
                    </p>
                    <div
                      class="mt-4"
                    >
                      <div
                        data-testid="Signatures"
                      >
                        <h3>
                          Signatures
                        </h3>
                        <div
                          class="flex"
                        >
                          <div>
                            <div
                              class="mb-2 text-sm font-semibold text-theme-secondary-500"
                            >
                              You
                            </div>
                            <div
                              class="pr-6 mr-2 border-r border-theme-secondary-300 dark:border-theme-secondary-800"
                            >
                              <div
                                class="relative"
                                data-testid="Signatures__participant-status"
                              >
                                <div>
                                  <div
                                    class="Avatar__AvatarWrapper-sc-18vw8a4-0 ewMeZp flex-shrink-0"
                                    data-testid="Avatar"
                                  >
                                    <div
                                      class="w-full h-full inline-flex items-center justify-center overflow-hidden align-middle rounded-full"
                                    >
                                      <img
                                        alt="D8rr7B1d6TL6pf14LgMz4sKp1VBMs6YUYD"
                                        src="data:image/svg+xml;utf8,<svg version=\\"1.1\\" xmlns=\\"http://www.w3.org/2000/svg\\" class=\\"picasso\\" width=\\"100\\" height=\\"100\\" viewBox=\\"0 0 100 100\\"><style>.picasso circle{mix-blend-mode:soft-light;}</style><rect fill=\\"rgb(0, 150, 136)\\" width=\\"100\\" height=\\"100\\"/><circle r=\\"50\\" cx=\\"80\\" cy=\\"50\\" fill=\\"rgb(76, 175, 80)\\"/><circle r=\\"35\\" cx=\\"100\\" cy=\\"40\\" fill=\\"rgb(156, 39, 176)\\"/><circle r=\\"40\\" cx=\\"90\\" cy=\\"70\\" fill=\\"rgb(3, 169, 244)\\"/></svg>"
                                        title="D8rr7B1d6TL6pf14LgMz4sKp1VBMs6YUYD"
                                      />
                                    </div>
                                  </div>
                                </div>
                                <span
                                  class="Badge__Wrapper-sc-w9wbbm-0 fvTsro flex border-2 rounded-full justify-center items-center align-middle bg-theme-background border-transparent dark:text-white bg-theme-danger-100 text-theme-danger-400 dark:bg-theme-danger-400"
                                  data-testid="Signatures__waiting-badge"
                                >
                                  <div
                                    class="sc-bdvvtL Cfvxc"
                                    height="10"
                                    width="10"
                                  >
                                    <svg>
                                      clock-small.svg
                                    </svg>
                                  </div>
                                  <span />
                                </span>
                              </div>
                            </div>
                          </div>
                          <div>
                            <div
                              class="mb-2 ml-2 text-sm font-semibold text-theme-secondary-500"
                            >
                              Other
                            </div>
                            <div
                              class="flex ml-2 space-x-4"
                            >
                              <div
                                class="relative"
                                data-testid="Signatures__participant-status"
                              >
                                <div>
                                  <div
                                    class="Avatar__AvatarWrapper-sc-18vw8a4-0 ewMeZp flex-shrink-0"
                                    data-testid="Avatar"
                                  >
                                    <div
                                      class="w-full h-full inline-flex items-center justify-center overflow-hidden align-middle rounded-full"
                                    >
                                      <img
                                        alt="D5sRKWckH4rE1hQ9eeMeHAepgyC3cvJtwb"
                                        src="data:image/svg+xml;utf8,<svg version=\\"1.1\\" xmlns=\\"http://www.w3.org/2000/svg\\" class=\\"picasso\\" width=\\"100\\" height=\\"100\\" viewBox=\\"0 0 100 100\\"><style>.picasso circle{mix-blend-mode:soft-light;}</style><rect fill=\\"rgb(244, 67, 54)\\" width=\\"100\\" height=\\"100\\"/><circle r=\\"50\\" cx=\\"20\\" cy=\\"50\\" fill=\\"rgb(205, 220, 57)\\"/><circle r=\\"60\\" cx=\\"0\\" cy=\\"70\\" fill=\\"rgb(0, 188, 212)\\"/><circle r=\\"55\\" cx=\\"80\\" cy=\\"30\\" fill=\\"rgb(76, 175, 80)\\"/></svg>"
                                        title="D5sRKWckH4rE1hQ9eeMeHAepgyC3cvJtwb"
                                      />
                                    </div>
                                  </div>
                                </div>
                                <span
                                  class="Badge__Wrapper-sc-w9wbbm-0 fvTsro flex border-2 rounded-full justify-center items-center align-middle bg-theme-background border-transparent dark:text-white bg-theme-danger-100 text-theme-danger-400 dark:bg-theme-danger-400"
                                  data-testid="Signatures__waiting-badge"
                                >
                                  <div
                                    class="sc-bdvvtL Cfvxc"
                                    height="10"
                                    width="10"
                                  >
                                    <svg>
                                      clock-small.svg
                                    </svg>
                                  </div>
                                  <span />
                                </span>
                              </div>
                            </div>
                          </div>
                        </div>
                      </div>
                    </div>
                  </section>
                </div>
              </div>
            </form>
          </div>
        </div>
      </div>
    </div>
  </div>
</div>
`;
