// Jest Snapshot v1, https://goo.gl/fbAQLP

exports[`SelectProfileImage should handle upload file 1`] = `
<DocumentFragment>
  <div
    class="group space-y-2"
  >
    <span
      class="text-sm font-semibold transition-colors duration-100 cursor-default text-theme-secondary-text group-hover:text-theme-primary-600"
    >
      Select Profile Image
    </span>
    <div
      class="flex flex-row"
    >
      <div
        class="relative w-20 h-20"
      >
        <div
          class="SelectProfileImage__ProfileImageStyled-sc-vg16mg-1 bTAoWK"
        >
          <img
            alt="Avatar"
            class="object-cover min-h-full"
            data-testid="SelectProfileImage__avatar-image"
            src="test"
          />
          <button
            class="overflow-hidden absolute z-10 p-1 w-full h-full opacity-0 transition-opacity duration-200 focus:outline-none upload-button-overlay"
            data-testid="SelectProfileImage__upload-button"
            type="button"
          >
            <div
              class="flex justify-center items-center h-full rounded-full dark:bg-black bg-theme-secondary-900 opacity-85"
            >
              <div
                class="sc-bdvvtL qGXhc text-white dark:text-theme-secondary-200"
                height="20"
                width="20"
              >
                <svg>
                  arrow-up-bracket.svg
                </svg>
              </div>
            </div>
          </button>
        </div>
        <div
          class="absolute z-20 -top-3 -right-3 "
        >
          <button
            class="OriginalButton__StyledButton-sc-o0fs2j-0 cHoyFs flex justify-center items-center p-1 w-6 h-6"
            data-testid="SelectProfileImage__remove-button"
            type="button"
          >
            <div
              class="flex items-center space-x-2"
            >
              <div
                class="sc-bdvvtL Cfvxc"
                height="10"
                width="10"
              >
                <svg>
                  cross.svg
                </svg>
              </div>
            </div>
          </button>
        </div>
      </div>
    </div>
  </div>
</DocumentFragment>
`;

exports[`SelectProfileImage should not allow to upload an invalid file image 1`] = `
<DocumentFragment>
  <div
    class="group space-y-2"
  >
    <span
      class="text-sm font-semibold transition-colors duration-100 cursor-default text-theme-secondary-text group-hover:text-theme-primary-600"
    >
      Select Profile Image
    </span>
    <div
      class="flex flex-row"
    >
      <div
        class="relative w-20 h-20"
      >
        <div
          class="SelectProfileImage__ProfileImageStyled-sc-vg16mg-1 bTAoWK"
        >
          <img
            alt="Avatar"
            class="object-cover min-h-full"
            data-testid="SelectProfileImage__avatar-image"
            src="test"
          />
          <button
            class="overflow-hidden absolute z-10 p-1 w-full h-full opacity-0 transition-opacity duration-200 focus:outline-none upload-button-overlay"
            data-testid="SelectProfileImage__upload-button"
            type="button"
          >
            <div
              class="flex justify-center items-center h-full rounded-full dark:bg-black bg-theme-secondary-900 opacity-85"
            >
              <div
                class="sc-bdvvtL qGXhc text-white dark:text-theme-secondary-200"
                height="20"
                width="20"
              >
                <svg>
                  arrow-up-bracket.svg
                </svg>
              </div>
            </div>
          </button>
        </div>
        <div
          class="absolute z-20 -top-3 -right-3 "
        >
          <button
            class="OriginalButton__StyledButton-sc-o0fs2j-0 cHoyFs flex justify-center items-center p-1 w-6 h-6"
            data-testid="SelectProfileImage__remove-button"
            type="button"
          >
            <div
              class="flex items-center space-x-2"
            >
              <div
                class="sc-bdvvtL Cfvxc"
                height="10"
                width="10"
              >
                <svg>
                  cross.svg
                </svg>
              </div>
            </div>
          </button>
        </div>
      </div>
    </div>
  </div>
</DocumentFragment>
`;

exports[`SelectProfileImage should not handle upload file 1`] = `
<DocumentFragment>
  <div
    class="group space-y-2"
  >
    <span
      class="text-sm font-semibold transition-colors duration-100 cursor-default text-theme-secondary-text group-hover:text-theme-primary-600"
    >
      Select Profile Image
    </span>
    <div
      class="flex flex-row"
    >
      <div
        class="relative w-20 h-20"
      >
        <div
          class="SelectProfileImage__ProfileImageStyled-sc-vg16mg-1 bTAoWK"
        >
          <img
            alt="Avatar"
            class="object-cover min-h-full"
            data-testid="SelectProfileImage__avatar-image"
            src="test"
          />
          <button
            class="overflow-hidden absolute z-10 p-1 w-full h-full opacity-0 transition-opacity duration-200 focus:outline-none upload-button-overlay"
            data-testid="SelectProfileImage__upload-button"
            type="button"
          >
            <div
              class="flex justify-center items-center h-full rounded-full dark:bg-black bg-theme-secondary-900 opacity-85"
            >
              <div
                class="sc-bdvvtL qGXhc text-white dark:text-theme-secondary-200"
                height="20"
                width="20"
              >
                <svg>
                  arrow-up-bracket.svg
                </svg>
              </div>
            </div>
          </button>
        </div>
        <div
          class="absolute z-20 -top-3 -right-3 "
        >
          <button
            class="OriginalButton__StyledButton-sc-o0fs2j-0 cHoyFs flex justify-center items-center p-1 w-6 h-6"
            data-testid="SelectProfileImage__remove-button"
            type="button"
          >
            <div
              class="flex items-center space-x-2"
            >
              <div
                class="sc-bdvvtL Cfvxc"
                height="10"
                width="10"
              >
                <svg>
                  cross.svg
                </svg>
              </div>
            </div>
          </button>
        </div>
      </div>
    </div>
  </div>
</DocumentFragment>
`;

exports[`SelectProfileImage should render 1`] = `
<DocumentFragment>
  <div
    class="group space-y-2"
  >
    <span
      class="text-sm font-semibold transition-colors duration-100 cursor-default text-theme-secondary-text group-hover:text-theme-primary-600"
    >
      Select Profile Image
    </span>
    <div
      class="flex flex-row"
    >
      <div
        class="p-1 w-20 h-20 rounded-md border-2 border-dashed focus-within:border-solid border-theme-secondary-400 dark:border-theme-secondary-700 focus-within:border-theme-primary-400"
      >
        <div
          class="overflow-hidden h-full rounded-full"
        >
          <div
            class="SelectProfileImage__UploadButtonWrapper-sc-vg16mg-0 hUQFjg"
          >
            <button
              class="OriginalButton__StyledButton-sc-o0fs2j-0 cxgwmk"
              data-testid="SelectProfileImage__upload-button"
              type="button"
            >
              <div
                class="flex items-center space-x-2"
              >
                <div
                  class="sc-bdvvtL qGXhc text-theme-primary-600 dark:text-theme-secondary-200"
                  height="20"
                  width="20"
                >
                  <svg>
                    arrow-up-bracket.svg
                  </svg>
                </div>
              </div>
            </button>
          </div>
        </div>
      </div>
    </div>
  </div>
</DocumentFragment>
`;

exports[`SelectProfileImage should render with value svg 1`] = `
<DocumentFragment>
  <div
    class="group space-y-2"
  >
    <span
      class="text-sm font-semibold transition-colors duration-100 cursor-default text-theme-secondary-text group-hover:text-theme-primary-600"
    >
      Select Profile Image
    </span>
    <div
      class="flex flex-row"
    >
      <div
        class="relative w-20 h-20"
      >
        <div
          class="SelectProfileImage__ProfileImageStyled-sc-vg16mg-1 bTAoWK"
        >
          <img
            alt="Avatar"
            class="object-cover min-h-full"
            data-testid="SelectProfileImage__avatar-identicon"
            src="data:image/svg+xml;utf8,<svg>test</svg>"
          />
          <span
            class="absolute text-2xl font-semibold text-theme-background"
          />
          <button
            class="overflow-hidden absolute z-10 p-1 w-full h-full opacity-0 transition-opacity duration-200 focus:outline-none upload-button-overlay"
            data-testid="SelectProfileImage__upload-button"
            type="button"
          >
            <div
              class="flex justify-center items-center h-full rounded-full dark:bg-black bg-theme-secondary-900 opacity-85"
            >
              <div
                class="sc-bdvvtL qGXhc text-white dark:text-theme-secondary-200"
                height="20"
                width="20"
              >
                <svg>
                  arrow-up-bracket.svg
                </svg>
              </div>
            </div>
          </button>
        </div>
      </div>
    </div>
  </div>
</DocumentFragment>
`;

exports[`SelectProfileImage should render without value svg 1`] = `
<DocumentFragment>
  <div
    class="group space-y-2"
  >
    <span
      class="text-sm font-semibold transition-colors duration-100 cursor-default text-theme-secondary-text group-hover:text-theme-primary-600"
    >
      Select Profile Image
    </span>
    <div
      class="flex flex-row"
    >
      <div
        class="relative w-20 h-20"
      >
        <div
          class="SelectProfileImage__ProfileImageStyled-sc-vg16mg-1 bTAoWK"
        >
          <img
            alt="Avatar"
            class="object-cover min-h-full"
            data-testid="SelectProfileImage__avatar-image"
            src="test"
          />
          <button
            class="overflow-hidden absolute z-10 p-1 w-full h-full opacity-0 transition-opacity duration-200 focus:outline-none upload-button-overlay"
            data-testid="SelectProfileImage__upload-button"
            type="button"
          >
            <div
              class="flex justify-center items-center h-full rounded-full dark:bg-black bg-theme-secondary-900 opacity-85"
            >
              <div
                class="sc-bdvvtL qGXhc text-white dark:text-theme-secondary-200"
                height="20"
                width="20"
              >
                <svg>
                  arrow-up-bracket.svg
                </svg>
              </div>
            </div>
          </button>
        </div>
        <div
          class="absolute z-20 -top-3 -right-3 "
        >
          <button
            class="OriginalButton__StyledButton-sc-o0fs2j-0 cHoyFs flex justify-center items-center p-1 w-6 h-6"
            data-testid="SelectProfileImage__remove-button"
            type="button"
          >
            <div
              class="flex items-center space-x-2"
            >
              <div
                class="sc-bdvvtL Cfvxc"
                height="10"
                width="10"
              >
                <svg>
                  cross.svg
                </svg>
              </div>
            </div>
          </button>
        </div>
      </div>
    </div>
  </div>
</DocumentFragment>
`;
