// Jest Snapshot v1, https://goo.gl/fbAQLP

exports[`SubForm should render 1`] = `
<DocumentFragment>
  <div
    class="SubForm__SubFormWrapper-sc-1x20s74-0 fTuEVK"
  >
    <span>
      Hello
    </span>
  </div>
</DocumentFragment>
`;
