// Jest Snapshot v1, https://goo.gl/fbAQLP

exports[`SideBar should render 1`] = `
<DocumentFragment>
  <div
    class="SideBar__SideBarContainer-sc-1wg5vvh-0 iuzvYz"
  >
    <ul>
      <div
        class="relative cursor-pointer"
        data-testid="side-menu__item--general"
      >
        <li
          class="rounded py-5 pl-10 pr-8 h-15 flex items-center text-theme-primary-600 dark:text-theme-secondary-200 bg-theme-primary-100 dark:bg-theme-secondary-800"
        >
          <div
            class="absolute top-0 bottom-0 left-0 w-2 rounded bg-theme-primary-600"
          />
          <div
            class="mr-3"
          >
            <div
              class="sc-bdvvtL qGXhc"
              height="20"
              width="20"
            >
              <svg>
                sliders.svg
              </svg>
            </div>
          </div>
          <span
            class="text-lg font-semibold"
          >
            General
          </span>
        </li>
      </div>
      <div
        class="relative cursor-pointer"
        data-testid="side-menu__item--password"
      >
        <li
          class="rounded py-5 pl-10 pr-8 h-15 flex items-center"
        >
          <div
            class="mr-3 text-theme-primary-300 dark:text-theme-secondary-600"
          >
            <div
              class="sc-bdvvtL qGXhc"
              height="20"
              width="20"
            >
              <svg>
                lock.svg
              </svg>
            </div>
          </div>
          <span
            class="text-lg font-semibold"
          >
            Password
          </span>
        </li>
      </div>
      <div
        class="relative cursor-pointer"
        data-testid="side-menu__item--export"
      >
        <li
          class="rounded py-5 pl-10 pr-8 h-15 flex items-center"
        >
          <div
            class="mr-3 text-theme-primary-300 dark:text-theme-secondary-600"
          >
            <div
              class="sc-bdvvtL qGXhc"
              height="20"
              width="20"
            >
              <svg>
                arrow-up-turn-bracket.svg
              </svg>
            </div>
          </div>
          <span
            class="text-lg font-semibold"
          >
            Export
          </span>
        </li>
      </div>
    </ul>
  </div>
</DocumentFragment>
`;
