// Jest Snapshot v1, https://goo.gl/fbAQLP

exports[`AmountLabel should render 1`] = `
<DocumentFragment>
  <div
    class="Label-sc-4akkzw-0 hhvRsd"
    color="success"
  >
    <div
      class="flex space-x-1 items-stretch"
    >
      <span
        class="whitespace-nowrap"
        data-testid="Amount"
      >
        + 10 ARK
      </span>
    </div>
  </div>
</DocumentFragment>
`;

exports[`AmountLabel should render compact 1`] = `
<DocumentFragment>
  <div
    class="Label-sc-4akkzw-0 bxfWpB"
    color="success"
  >
    <div
      class="flex space-x-1 items-center"
    >
      <span
        class="whitespace-nowrap"
        data-testid="Amount"
      >
        + 10 ARK
      </span>
    </div>
  </div>
</DocumentFragment>
`;

exports[`AmountLabel should render compact with hint 1`] = `
<DocumentFragment>
  <div
    class="Label-sc-4akkzw-0 bxfWpB"
    color="success"
  >
    <div
      class="flex space-x-1 items-center"
    >
      <div
        class="flex items-center justify-center bg-theme-success-200 dark:bg-theme-success-600 w-5 h-5 rounded-full"
        data-testid="AmountLabel__hint"
      >
        <div
          class="sc-bdvvtL Cfvxc dark:text-white"
          height="10"
          width="10"
        >
          <svg>
            hint-small.svg
          </svg>
        </div>
      </div>
      <span
        class="whitespace-nowrap"
        data-testid="Amount"
      >
        + 10 ARK
      </span>
    </div>
  </div>
</DocumentFragment>
`;

exports[`AmountLabel should render negative 1`] = `
<DocumentFragment>
  <div
    class="Label-sc-4akkzw-0 iXzgUi"
    color="danger"
  >
    <div
      class="flex space-x-1 items-stretch"
    >
      <span
        class="whitespace-nowrap"
        data-testid="Amount"
      >
        - 10 ARK
      </span>
    </div>
  </div>
</DocumentFragment>
`;

exports[`AmountLabel should render with hint 1`] = `
<DocumentFragment>
  <div
    class="Label-sc-4akkzw-0 hhvRsd"
    color="success"
  >
    <div
      class="flex space-x-1 items-stretch"
    >
      <div
        class="flex items-center justify-center bg-theme-success-200 dark:bg-theme-success-600 -ml-1.5 px-2"
        data-testid="AmountLabel__hint"
      >
        <div
          class="sc-bdvvtL Cfvxc dark:text-white"
          height="10"
          width="10"
        >
          <svg>
            hint-small.svg
          </svg>
        </div>
      </div>
      <span
        class="whitespace-nowrap"
        data-testid="Amount"
      >
        + 10 ARK
      </span>
    </div>
  </div>
</DocumentFragment>
`;

exports[`AmountLabel should render zero 1`] = `
<DocumentFragment>
  <div
    class="Label-sc-4akkzw-0 gHbVRS"
    color="neutral"
  >
    <div
      class="flex space-x-1 items-stretch"
    >
      <span
        class="whitespace-nowrap"
        data-testid="Amount"
      >
        0 ARK
      </span>
    </div>
  </div>
</DocumentFragment>
`;
