// Jest Snapshot v1, https://goo.gl/fbAQLP

exports[`InputDefault should render a default input 1`] = `
<DocumentFragment>
  <div
    class="Input__InputWrapperStyled-sc-1i8sd1r-0 cLNVAR"
  >
    <div
      class="relative flex flex-1 h-full"
    >
      <input
        class="Input__InputStyled-sc-1i8sd1r-1 hPntwa p-0 border-none bg-transparent focus:ring-0 no-ligatures w-full"
        data-testid="Input"
        value=""
      />
    </div>
  </div>
</DocumentFragment>
`;
