// Jest Snapshot v1, https://goo.gl/fbAQLP

exports[`SearchBar should render 1`] = `
<DocumentFragment>
  <div
    class="bg-theme-secondary-100 px-10 pt-8 pb-8"
    data-testid="SearchBar"
  >
    <div
      class="flex items-center py-6 px-10 rounded shadow-xl bg-theme-background"
    >
      <div
        class="sc-bdvvtL fCrhkg mr-8 w-4 text-theme-secondary-300"
        height="16"
        width="16"
      >
        <svg>
          magnifying-glass.svg
        </svg>
      </div>
      <div
        class="flex-1 pl-4 mr-4 border-l border-theme-secondary-300 dark:border-theme-secondary-800"
      >
        <div
          class="Input__InputWrapperStyled-sc-1i8sd1r-0 bjEupA"
        >
          <div
            class="relative flex flex-1 h-full"
          >
            <input
              class="Input__InputStyled-sc-1i8sd1r-1 hPntwa p-0 border-none bg-transparent focus:ring-0 no-ligatures w-full"
              data-testid="Input"
              placeholder="What would you like to search for?"
              value=""
            />
          </div>
        </div>
      </div>
      <button
        class="OriginalButton__StyledButton-sc-o0fs2j-0 isLyLB my-1"
        data-testid="SearchBar__button"
        type="button"
      >
        <div
          class="flex items-center space-x-2"
        >
          <span
            class="px-2 text-md"
          >
            Find it
          </span>
        </div>
      </button>
    </div>
  </div>
</DocumentFragment>
`;
