// Jest Snapshot v1, https://goo.gl/fbAQLP

exports[`Notifications should render notification item 1`] = `
<div>
  <table>
    <tbody>
      <tr
        class="TableRow__TableRowStyled-sc-y9j4av-0 gwDXhN group"
        data-testid="TableRow"
      >
        <td
          class="w-3/5"
        >
          <div
            class="TableCell__TableCellInnerWrapper-sc-v39gua-0 jtRNyC flex space-x-3"
          >
            <div
              class="flex items-center space-x-2"
              data-testid="TransactionRowMode"
            >
              <span
                class="w-5 h-5 flex items-center border-0 border-theme-success-200 text-theme-success-600 dark:border-theme-success-600"
              >
                <div
                  class="sc-bdnxRM NjstW"
                  height="20"
                  width="20"
                >
                  <svg>
                    received.svg
                  </svg>
                </div>
              </span>
              <div
                class="Avatar__AvatarWrapper-sc-18vw8a4-0 fIpXvk ring-theme-background bg-theme-background group-hover:ring-theme-secondary-100 group-hover:bg-theme-secondary-100 dark:group-hover:ring-black dark:group-hover:bg-black flex-shrink-0"
                data-testid="Avatar"
              >
                <div
                  class="w-full h-full inline-flex items-center justify-center overflow-hidden align-middle rounded-full"
                >
                  <img
                    alt="DK1f5frUPTNqhFxoyDUHwN7VC2B4Uzhpmy"
                    src="data:image/svg+xml;utf8,<svg version=\\"1.1\\" xmlns=\\"http://www.w3.org/2000/svg\\" class=\\"picasso\\" width=\\"100\\" height=\\"100\\" viewBox=\\"0 0 100 100\\"><style>.picasso circle{mix-blend-mode:soft-light;}</style><rect fill=\\"rgb(255, 193, 7)\\" width=\\"100\\" height=\\"100\\"/><circle r=\\"40\\" cx=\\"40\\" cy=\\"60\\" fill=\\"rgb(205, 220, 57)\\"/><circle r=\\"45\\" cx=\\"70\\" cy=\\"50\\" fill=\\"rgb(33, 150, 243)\\"/><circle r=\\"35\\" cx=\\"0\\" cy=\\"40\\" fill=\\"rgb(156, 39, 176)\\"/></svg>"
                    title="DK1f5frUPTNqhFxoyDUHwN7VC2B4Uzhpmy"
                  />
                </div>
              </div>
            </div>
            <div
              class="w-20 flex-1"
            >
              <div
                class="flex overflow-hidden flex-grow items-center space-x-2 whitespace-nowrap no-ligatures"
              >
                <span
                  class="inline-flex overflow-hidden text-theme-text font-semibold text-base"
                  data-testid="Address__address"
                >
                  D8rr7B1d6TL6pf14LgMz4sKp1VBMs6YUYD
                </span>
              </div>
            </div>
          </div>
        </td>
        <td>
          <div
            class="TableCell__TableCellInnerWrapper-sc-v39gua-0 kXCVVq justify-end"
          >
            <div
              class="Label-sc-4akkzw-0 bdvTBm"
              color="success"
            >
              <div
                class="flex space-x-1 items-stretch"
              >
                <span
                  class="whitespace-nowrap"
                  data-testid="Amount"
                >
                  + 20 DARK
                </span>
              </div>
            </div>
          </div>
        </td>
      </tr>
    </tbody>
  </table>
</div>
`;
