// Jest Snapshot v1, https://goo.gl/fbAQLP

exports[`WalletListItem should render for selected wallet 1`] = `
<DocumentFragment>
  <table>
    <tbody>
      <tr
        class="TableRow__TableRowStyled-sc-y9j4av-0 iMsbqY group"
        data-testid="TableRow"
      >
        <td>
          <div
            class="TableCell__TableCellInnerWrapper-sc-v39gua-0 jGsTbn space-x-4"
          >
            <div
              class="flex-shrink-0 flex items-center -space-x-1"
            >
              <div
                aria-label="ARK Devnet"
                class="Circle__CircleWrapper-sc-d5u41q-0 cFnCcb text-theme-secondary-700 border-theme-secondary-300 dark:border-theme-secondary-700 group-hover:ring-theme-secondary-100 group-hover:bg-theme-secondary-100 dark:group-hover:ring-black dark:group-hover:bg-black ring-theme-success-900"
                data-testid="NetworkIcon-ARK-ark.devnet"
              >
                <div
                  class="sc-bdnxRM NjstW"
                  data-testid="NetworkIcon__icon"
                  height="20"
                  width="20"
                >
                  <svg>
                    ark.svg
                  </svg>
                </div>
              </div>
              <div
                class="Avatar__AvatarWrapper-sc-18vw8a4-0 fSjBUt group-hover:ring-theme-secondary-100 group-hover:bg-theme-secondary-100 dark:group-hover:ring-black dark:group-hover:bg-black ring-theme-success-900 flex-shrink-0"
                data-testid="Avatar"
              >
                <div
                  class="w-full h-full inline-flex items-center justify-center overflow-hidden align-middle rounded-full"
                >
                  <img
                    alt="D8rr7B1d6TL6pf14LgMz4sKp1VBMs6YUYD"
                    src="data:image/svg+xml;utf8,<svg version=\\"1.1\\" xmlns=\\"http://www.w3.org/2000/svg\\" class=\\"picasso\\" width=\\"100\\" height=\\"100\\" viewBox=\\"0 0 100 100\\"><style>.picasso circle{mix-blend-mode:soft-light;}</style><rect fill=\\"rgb(0, 150, 136)\\" width=\\"100\\" height=\\"100\\"/><circle r=\\"50\\" cx=\\"80\\" cy=\\"50\\" fill=\\"rgb(76, 175, 80)\\"/><circle r=\\"35\\" cx=\\"100\\" cy=\\"40\\" fill=\\"rgb(156, 39, 176)\\"/><circle r=\\"40\\" cx=\\"90\\" cy=\\"70\\" fill=\\"rgb(3, 169, 244)\\"/></svg>"
                    title="D8rr7B1d6TL6pf14LgMz4sKp1VBMs6YUYD"
                  />
                </div>
              </div>
            </div>
            <div
              class="w-20 flex-1"
            >
              <div
                class="flex overflow-hidden flex-grow items-center space-x-2 whitespace-nowrap no-ligatures"
              >
                <span
                  class="font-semibold text-base text-theme-text"
                  data-testid="Address__alias"
                >
                  <span
                    class="TruncateEnd__Wrapper-sc-1hhdnni-0"
                    data-testid="TruncateEnd"
                  >
                    ARK Wallet 1
                  </span>
                </span>
                <span
                  class="inline-flex overflow-hidden text-theme-secondary-500 dark:text-theme-secondary-700 font-semibold text-base"
                  data-testid="Address__address"
                >
                  D8rr7B1d6TL6pf14LgMz4sKp1VBMs6YUYD
                </span>
              </div>
            </div>
          </div>
        </td>
        <td>
          <div
            class="TableCell__TableCellInnerWrapper-sc-v39gua-0 cDWumh justify-center text-sm font-bold text-center align-middle"
          >
            <div
              class="inline-flex items-center space-x-1"
            >
              <div
                class="inline-block p-1 text-theme-secondary-700"
                data-testid="WalletIcon__Ledger"
              >
                <div
                  class="sc-bdnxRM NjstW"
                  height="20"
                  width="20"
                >
                  <svg>
                    ledger.svg
                  </svg>
                </div>
              </div>
              <div
                class="inline-block p-1 text-theme-warning-400"
                data-testid="WalletIcon__Starred"
              >
                <div
                  class="sc-bdnxRM NjstW"
                  height="20"
                  width="20"
                >
                  <svg>
                    star-filled.svg
                  </svg>
                </div>
              </div>
            </div>
          </div>
        </td>
        <td>
          <div
            class="TableCell__TableCellInnerWrapper-sc-v39gua-0 cDWumh font-semibold justify-end"
          >
            <span
              class="whitespace-nowrap"
              data-testid="Amount"
            >
              33.75089801 DARK
            </span>
          </div>
        </td>
        <td>
          <div
            class="TableCell__TableCellInnerWrapper-sc-v39gua-0 hNhRDD justify-end text-theme-secondary-text"
          >
            <span
              class="whitespace-nowrap"
              data-testid="Amount"
            >
              0 BTC
            </span>
          </div>
        </td>
      </tr>
    </tbody>
  </table>
</DocumentFragment>
`;

exports[`WalletListItem should render when isCompact = false 1`] = `
<div>
  <table>
    <tbody>
      <tr
        class="TableRow__TableRowStyled-sc-y9j4av-0 gwDXhN group"
        data-testid="TableRow"
      >
        <td>
          <div
            class="TableCell__TableCellInnerWrapper-sc-v39gua-0 jGsTbn space-x-4"
          >
            <div
              class="flex-shrink-0 flex items-center -space-x-1"
            >
              <div
                aria-label="ARK Devnet"
                class="Circle__CircleWrapper-sc-d5u41q-0 cFnCcb text-theme-secondary-700 border-theme-secondary-300 dark:border-theme-secondary-700 group-hover:ring-theme-secondary-100 group-hover:bg-theme-secondary-100 dark:group-hover:ring-black dark:group-hover:bg-black ring-theme-background"
                data-testid="NetworkIcon-ARK-ark.devnet"
              >
                <div
                  class="sc-bdnxRM NjstW"
                  data-testid="NetworkIcon__icon"
                  height="20"
                  width="20"
                >
                  <svg>
                    ark.svg
                  </svg>
                </div>
              </div>
              <div
                class="Avatar__AvatarWrapper-sc-18vw8a4-0 fSjBUt group-hover:ring-theme-secondary-100 group-hover:bg-theme-secondary-100 dark:group-hover:ring-black dark:group-hover:bg-black ring-theme-background flex-shrink-0"
                data-testid="Avatar"
              >
                <div
                  class="w-full h-full inline-flex items-center justify-center overflow-hidden align-middle rounded-full"
                >
                  <img
                    alt="D8rr7B1d6TL6pf14LgMz4sKp1VBMs6YUYD"
                    src="data:image/svg+xml;utf8,<svg version=\\"1.1\\" xmlns=\\"http://www.w3.org/2000/svg\\" class=\\"picasso\\" width=\\"100\\" height=\\"100\\" viewBox=\\"0 0 100 100\\"><style>.picasso circle{mix-blend-mode:soft-light;}</style><rect fill=\\"rgb(0, 150, 136)\\" width=\\"100\\" height=\\"100\\"/><circle r=\\"50\\" cx=\\"80\\" cy=\\"50\\" fill=\\"rgb(76, 175, 80)\\"/><circle r=\\"35\\" cx=\\"100\\" cy=\\"40\\" fill=\\"rgb(156, 39, 176)\\"/><circle r=\\"40\\" cx=\\"90\\" cy=\\"70\\" fill=\\"rgb(3, 169, 244)\\"/></svg>"
                    title="D8rr7B1d6TL6pf14LgMz4sKp1VBMs6YUYD"
                  />
                </div>
              </div>
            </div>
            <div
              class="w-20 flex-1"
            >
              <div
                class="flex overflow-hidden flex-grow items-center space-x-2 whitespace-nowrap no-ligatures"
              >
                <span
                  class="font-semibold text-base text-theme-text"
                  data-testid="Address__alias"
                >
                  <span
                    class="TruncateEnd__Wrapper-sc-1hhdnni-0"
                    data-testid="TruncateEnd"
                  >
                    ARK Wallet 1
                  </span>
                </span>
                <span
                  class="inline-flex overflow-hidden text-theme-secondary-500 dark:text-theme-secondary-700 font-semibold text-base"
                  data-testid="Address__address"
                >
                  D8rr7B1d6TL6pf14LgMz4sKp1VBMs6YUYD
                </span>
              </div>
            </div>
          </div>
        </td>
        <td>
          <div
            class="TableCell__TableCellInnerWrapper-sc-v39gua-0 cDWumh justify-center text-sm font-bold text-center align-middle"
          >
            <div
              class="inline-flex items-center space-x-1"
            >
              <div
                class="inline-block p-1 text-theme-secondary-700"
                data-testid="WalletIcon__Ledger"
              >
                <div
                  class="sc-bdnxRM NjstW"
                  height="20"
                  width="20"
                >
                  <svg>
                    ledger.svg
                  </svg>
                </div>
              </div>
              <div
                class="inline-block p-1 text-theme-warning-400"
                data-testid="WalletIcon__Starred"
              >
                <div
                  class="sc-bdnxRM NjstW"
                  height="20"
                  width="20"
                >
                  <svg>
                    star-filled.svg
                  </svg>
                </div>
              </div>
              <div
                class="inline-block p-1 text-theme-secondary-700"
                data-testid="WalletIcon__TestNetwork"
              >
                <div
                  class="sc-bdnxRM NjstW"
                  height="20"
                  width="20"
                >
                  <svg>
                    code.svg
                  </svg>
                </div>
              </div>
            </div>
          </div>
        </td>
        <td>
          <div
            class="TableCell__TableCellInnerWrapper-sc-v39gua-0 cDWumh font-semibold justify-end"
          >
            <span
              class="whitespace-nowrap"
              data-testid="Amount"
            >
              33.75089801 DARK
            </span>
          </div>
        </td>
        <td>
          <div
            class="TableCell__TableCellInnerWrapper-sc-v39gua-0 hNhRDD justify-end text-theme-secondary-text"
          >
            N/A
          </div>
        </td>
      </tr>
    </tbody>
  </table>
</div>
`;

exports[`WalletListItem should render when isCompact = true 1`] = `
<div>
  <table>
    <tbody>
      <tr
        class="TableRow__TableRowStyled-sc-y9j4av-0 gwDXhN group"
        data-testid="TableRow"
      >
        <td>
          <div
            class="TableCell__TableCellInnerWrapper-sc-v39gua-0 jtRNyC space-x-4"
          >
            <div
              class="flex-shrink-0 flex items-center space-x-4"
            >
              <div
                aria-label="ARK Devnet"
                class="w-5 h-5 inline-flex items-center text-theme-secondary-700 border-theme-secondary-300 dark:border-theme-secondary-700"
                data-testid="NetworkIcon-ARK-ark.devnet"
              >
                <div
                  class="sc-bdnxRM NjstW"
                  data-testid="NetworkIcon__icon"
                  height="20"
                  width="20"
                >
                  <svg>
                    ark.svg
                  </svg>
                </div>
              </div>
              <div
                class="Avatar__AvatarWrapper-sc-18vw8a4-0 hiKOvx group-hover:ring-theme-secondary-100 group-hover:bg-theme-secondary-100 dark:group-hover:ring-black dark:group-hover:bg-black ring-theme-background flex-shrink-0"
                data-testid="Avatar"
              >
                <div
                  class="w-full h-full inline-flex items-center justify-center overflow-hidden align-middle rounded-full"
                >
                  <img
                    alt="D8rr7B1d6TL6pf14LgMz4sKp1VBMs6YUYD"
                    src="data:image/svg+xml;utf8,<svg version=\\"1.1\\" xmlns=\\"http://www.w3.org/2000/svg\\" class=\\"picasso\\" width=\\"100\\" height=\\"100\\" viewBox=\\"0 0 100 100\\"><style>.picasso circle{mix-blend-mode:soft-light;}</style><rect fill=\\"rgb(0, 150, 136)\\" width=\\"100\\" height=\\"100\\"/><circle r=\\"50\\" cx=\\"80\\" cy=\\"50\\" fill=\\"rgb(76, 175, 80)\\"/><circle r=\\"35\\" cx=\\"100\\" cy=\\"40\\" fill=\\"rgb(156, 39, 176)\\"/><circle r=\\"40\\" cx=\\"90\\" cy=\\"70\\" fill=\\"rgb(3, 169, 244)\\"/></svg>"
                    title="D8rr7B1d6TL6pf14LgMz4sKp1VBMs6YUYD"
                  />
                </div>
              </div>
            </div>
            <div
              class="w-20 flex-1"
            >
              <div
                class="flex overflow-hidden flex-grow items-center space-x-2 whitespace-nowrap no-ligatures"
              >
                <span
                  class="font-semibold text-base text-theme-text"
                  data-testid="Address__alias"
                >
                  <span
                    class="TruncateEnd__Wrapper-sc-1hhdnni-0"
                    data-testid="TruncateEnd"
                  >
                    ARK Wallet 1
                  </span>
                </span>
                <span
                  class="inline-flex overflow-hidden text-theme-secondary-500 dark:text-theme-secondary-700 font-semibold text-base"
                  data-testid="Address__address"
                >
                  D8rr7B1d6TL6pf14LgMz4sKp1VBMs6YUYD
                </span>
              </div>
            </div>
          </div>
        </td>
        <td>
          <div
            class="TableCell__TableCellInnerWrapper-sc-v39gua-0 dEQQQI justify-center text-sm font-bold text-center align-middle"
          >
            <div
              class="inline-flex items-center space-x-1"
            >
              <div
                class="inline-block p-1 text-theme-secondary-700"
                data-testid="WalletIcon__Ledger"
              >
                <div
                  class="sc-bdnxRM NjstW"
                  height="20"
                  width="20"
                >
                  <svg>
                    ledger.svg
                  </svg>
                </div>
              </div>
              <div
                class="inline-block p-1 text-theme-warning-400"
                data-testid="WalletIcon__Starred"
              >
                <div
                  class="sc-bdnxRM NjstW"
                  height="20"
                  width="20"
                >
                  <svg>
                    star-filled.svg
                  </svg>
                </div>
              </div>
              <div
                class="inline-block p-1 text-theme-secondary-700"
                data-testid="WalletIcon__TestNetwork"
              >
                <div
                  class="sc-bdnxRM NjstW"
                  height="20"
                  width="20"
                >
                  <svg>
                    code.svg
                  </svg>
                </div>
              </div>
            </div>
          </div>
        </td>
        <td>
          <div
            class="TableCell__TableCellInnerWrapper-sc-v39gua-0 dEQQQI font-semibold justify-end"
          >
            <span
              class="whitespace-nowrap"
              data-testid="Amount"
            >
              33.75089801 DARK
            </span>
          </div>
        </td>
        <td>
          <div
            class="TableCell__TableCellInnerWrapper-sc-v39gua-0 kXCVVq justify-end text-theme-secondary-text"
          >
            N/A
          </div>
        </td>
      </tr>
    </tbody>
  </table>
</div>
`;

exports[`WalletListItem should render with a N/A for fiat 1`] = `
<DocumentFragment>
  <table>
    <tbody>
      <tr
        class="TableRow__TableRowStyled-sc-y9j4av-0 iMsbqY group"
        data-testid="TableRow"
      >
        <td>
          <div
            class="TableCell__TableCellInnerWrapper-sc-v39gua-0 jGsTbn space-x-4"
          >
            <div
              class="flex-shrink-0 flex items-center -space-x-1"
            >
              <div
                aria-label="ARK Devnet"
                class="Circle__CircleWrapper-sc-d5u41q-0 cFnCcb text-theme-secondary-700 border-theme-secondary-300 dark:border-theme-secondary-700 group-hover:ring-theme-secondary-100 group-hover:bg-theme-secondary-100 dark:group-hover:ring-black dark:group-hover:bg-black ring-theme-success-900"
                data-testid="NetworkIcon-ARK-ark.devnet"
              >
                <div
                  class="sc-bdnxRM NjstW"
                  data-testid="NetworkIcon__icon"
                  height="20"
                  width="20"
                >
                  <svg>
                    ark.svg
                  </svg>
                </div>
              </div>
              <div
                class="Avatar__AvatarWrapper-sc-18vw8a4-0 fSjBUt group-hover:ring-theme-secondary-100 group-hover:bg-theme-secondary-100 dark:group-hover:ring-black dark:group-hover:bg-black ring-theme-success-900 flex-shrink-0"
                data-testid="Avatar"
              >
                <div
                  class="w-full h-full inline-flex items-center justify-center overflow-hidden align-middle rounded-full"
                >
                  <img
                    alt="D8rr7B1d6TL6pf14LgMz4sKp1VBMs6YUYD"
                    src="data:image/svg+xml;utf8,<svg version=\\"1.1\\" xmlns=\\"http://www.w3.org/2000/svg\\" class=\\"picasso\\" width=\\"100\\" height=\\"100\\" viewBox=\\"0 0 100 100\\"><style>.picasso circle{mix-blend-mode:soft-light;}</style><rect fill=\\"rgb(0, 150, 136)\\" width=\\"100\\" height=\\"100\\"/><circle r=\\"50\\" cx=\\"80\\" cy=\\"50\\" fill=\\"rgb(76, 175, 80)\\"/><circle r=\\"35\\" cx=\\"100\\" cy=\\"40\\" fill=\\"rgb(156, 39, 176)\\"/><circle r=\\"40\\" cx=\\"90\\" cy=\\"70\\" fill=\\"rgb(3, 169, 244)\\"/></svg>"
                    title="D8rr7B1d6TL6pf14LgMz4sKp1VBMs6YUYD"
                  />
                </div>
              </div>
            </div>
            <div
              class="w-20 flex-1"
            >
              <div
                class="flex overflow-hidden flex-grow items-center space-x-2 whitespace-nowrap no-ligatures"
              >
                <span
                  class="font-semibold text-base text-theme-text"
                  data-testid="Address__alias"
                >
                  <span
                    class="TruncateEnd__Wrapper-sc-1hhdnni-0"
                    data-testid="TruncateEnd"
                  >
                    ARK Wallet 1
                  </span>
                </span>
                <span
                  class="inline-flex overflow-hidden text-theme-secondary-500 dark:text-theme-secondary-700 font-semibold text-base"
                  data-testid="Address__address"
                >
                  D8rr7B1d6TL6pf14LgMz4sKp1VBMs6YUYD
                </span>
              </div>
            </div>
          </div>
        </td>
        <td>
          <div
            class="TableCell__TableCellInnerWrapper-sc-v39gua-0 cDWumh justify-center text-sm font-bold text-center align-middle"
          >
            <div
              class="inline-flex items-center space-x-1"
            >
              <div
                class="inline-block p-1 text-theme-secondary-700"
                data-testid="WalletIcon__Ledger"
              >
                <div
                  class="sc-bdnxRM NjstW"
                  height="20"
                  width="20"
                >
                  <svg>
                    ledger.svg
                  </svg>
                </div>
              </div>
              <div
                class="inline-block p-1 text-theme-warning-400"
                data-testid="WalletIcon__Starred"
              >
                <div
                  class="sc-bdnxRM NjstW"
                  height="20"
                  width="20"
                >
                  <svg>
                    star-filled.svg
                  </svg>
                </div>
              </div>
              <div
                class="inline-block p-1 text-theme-secondary-700"
                data-testid="WalletIcon__TestNetwork"
              >
                <div
                  class="sc-bdnxRM NjstW"
                  height="20"
                  width="20"
                >
                  <svg>
                    code.svg
                  </svg>
                </div>
              </div>
            </div>
          </div>
        </td>
        <td>
          <div
            class="TableCell__TableCellInnerWrapper-sc-v39gua-0 cDWumh font-semibold justify-end"
          >
            <span
              class="whitespace-nowrap"
              data-testid="Amount"
            >
              33.75089801 DARK
            </span>
          </div>
        </td>
        <td>
          <div
            class="TableCell__TableCellInnerWrapper-sc-v39gua-0 hNhRDD justify-end text-theme-secondary-text"
          >
            N/A
          </div>
        </td>
      </tr>
    </tbody>
  </table>
</DocumentFragment>
`;

exports[`WalletListItem should render with default BTC as default exchangeCurrency 1`] = `
<div>
  <table>
    <tbody>
      <tr
        class="TableRow__TableRowStyled-sc-y9j4av-0 gwDXhN group"
        data-testid="TableRow"
      >
        <td>
          <div
            class="TableCell__TableCellInnerWrapper-sc-v39gua-0 jGsTbn space-x-4"
          >
            <div
              class="flex-shrink-0 flex items-center -space-x-1"
            >
              <div
                aria-label="ARK Devnet"
                class="Circle__CircleWrapper-sc-d5u41q-0 cFnCcb text-theme-secondary-700 border-theme-secondary-300 dark:border-theme-secondary-700 group-hover:ring-theme-secondary-100 group-hover:bg-theme-secondary-100 dark:group-hover:ring-black dark:group-hover:bg-black ring-theme-background"
                data-testid="NetworkIcon-ARK-ark.devnet"
              >
                <div
                  class="sc-bdnxRM NjstW"
                  data-testid="NetworkIcon__icon"
                  height="20"
                  width="20"
                >
                  <svg>
                    ark.svg
                  </svg>
                </div>
              </div>
              <div
                class="Avatar__AvatarWrapper-sc-18vw8a4-0 fSjBUt group-hover:ring-theme-secondary-100 group-hover:bg-theme-secondary-100 dark:group-hover:ring-black dark:group-hover:bg-black ring-theme-background flex-shrink-0"
                data-testid="Avatar"
              >
                <div
                  class="w-full h-full inline-flex items-center justify-center overflow-hidden align-middle rounded-full"
                >
                  <img
                    alt="D8rr7B1d6TL6pf14LgMz4sKp1VBMs6YUYD"
                    src="data:image/svg+xml;utf8,<svg version=\\"1.1\\" xmlns=\\"http://www.w3.org/2000/svg\\" class=\\"picasso\\" width=\\"100\\" height=\\"100\\" viewBox=\\"0 0 100 100\\"><style>.picasso circle{mix-blend-mode:soft-light;}</style><rect fill=\\"rgb(0, 150, 136)\\" width=\\"100\\" height=\\"100\\"/><circle r=\\"50\\" cx=\\"80\\" cy=\\"50\\" fill=\\"rgb(76, 175, 80)\\"/><circle r=\\"35\\" cx=\\"100\\" cy=\\"40\\" fill=\\"rgb(156, 39, 176)\\"/><circle r=\\"40\\" cx=\\"90\\" cy=\\"70\\" fill=\\"rgb(3, 169, 244)\\"/></svg>"
                    title="D8rr7B1d6TL6pf14LgMz4sKp1VBMs6YUYD"
                  />
                </div>
              </div>
            </div>
            <div
              class="w-20 flex-1"
            >
              <div
                class="flex overflow-hidden flex-grow items-center space-x-2 whitespace-nowrap no-ligatures"
              >
                <span
                  class="font-semibold text-base text-theme-text"
                  data-testid="Address__alias"
                >
                  <span
                    class="TruncateEnd__Wrapper-sc-1hhdnni-0"
                    data-testid="TruncateEnd"
                  >
                    ARK Wallet 1
                  </span>
                </span>
                <span
                  class="inline-flex overflow-hidden text-theme-secondary-500 dark:text-theme-secondary-700 font-semibold text-base"
                  data-testid="Address__address"
                >
                  D8rr7B1d6TL6pf14LgMz4sKp1VBMs6YUYD
                </span>
              </div>
            </div>
          </div>
        </td>
        <td>
          <div
            class="TableCell__TableCellInnerWrapper-sc-v39gua-0 cDWumh justify-center text-sm font-bold text-center align-middle"
          >
            <div
              class="inline-flex items-center space-x-1"
            >
              <div
                class="inline-block p-1 text-theme-secondary-700"
                data-testid="WalletIcon__Ledger"
              >
                <div
                  class="sc-bdnxRM NjstW"
                  height="20"
                  width="20"
                >
                  <svg>
                    ledger.svg
                  </svg>
                </div>
              </div>
              <div
                class="inline-block p-1 text-theme-warning-400"
                data-testid="WalletIcon__Starred"
              >
                <div
                  class="sc-bdnxRM NjstW"
                  height="20"
                  width="20"
                >
                  <svg>
                    star-filled.svg
                  </svg>
                </div>
              </div>
              <div
                class="inline-block p-1 text-theme-secondary-700"
                data-testid="WalletIcon__TestNetwork"
              >
                <div
                  class="sc-bdnxRM NjstW"
                  height="20"
                  width="20"
                >
                  <svg>
                    code.svg
                  </svg>
                </div>
              </div>
            </div>
          </div>
        </td>
        <td>
          <div
            class="TableCell__TableCellInnerWrapper-sc-v39gua-0 cDWumh font-semibold justify-end"
          >
            <span
              class="whitespace-nowrap"
              data-testid="Amount"
            >
              33.75089801 DARK
            </span>
          </div>
        </td>
        <td>
          <div
            class="TableCell__TableCellInnerWrapper-sc-v39gua-0 hNhRDD justify-end text-theme-secondary-text"
          >
            N/A
          </div>
        </td>
      </tr>
    </tbody>
  </table>
</div>
`;
